
Explained.


PLAN_TABLE_OUTPUT                                                               
--------------------------------------------------------------------------------
Plan hash value: 89086232                                                       
                                                                                
--------------------------------------------------------------------------------
---------------                                                                 
                                                                                
| Id  | Operation                    | Name           | Rows  | Bytes | Cost (%C
PU)| Time     |                                                                 
                                                                                
--------------------------------------------------------------------------------
---------------                                                                 
                                                                                

PLAN_TABLE_OUTPUT                                                               
--------------------------------------------------------------------------------
|   0 | SELECT STATEMENT             |                |     1 |   248 |     6  (
17)| 00:00:01 |                                                                 
                                                                                
|   1 |  NESTED LOOPS                |                |       |       |         
   |          |                                                                 
                                                                                
|   2 |   NESTED LOOPS               |                |     1 |   248 |     6  (
17)| 00:00:01 |                                                                 
                                                                                
|*  3 |    HASH JOIN                 |                |     1 |   106 |     5  (
20)| 00:00:01 |                                                                 

PLAN_TABLE_OUTPUT                                                               
--------------------------------------------------------------------------------
                                                                                
|*  4 |     TABLE ACCESS FULL        | VEHICULE       |     1 |    80 |     2   
(0)| 00:00:01 |                                                                 
                                                                                
|   5 |     INDEX FAST FULL SCAN     | SYS_C001565107 |    31 |   806 |     2   
(0)| 00:00:01 |                                                                 
                                                                                
|*  6 |    INDEX UNIQUE SCAN         | SYS_C001565116 |     1 |       |     0   
(0)| 00:00:01 |                                                                 
                                                                                
|*  7 |   TABLE ACCESS BY INDEX ROWID| ARRET          |     1 |   142 |     1   

PLAN_TABLE_OUTPUT                                                               
--------------------------------------------------------------------------------
(0)| 00:00:01 |                                                                 
                                                                                
--------------------------------------------------------------------------------
---------------                                                                 
                                                                                
                                                                                
Predicate Information (identified by operation id):                             
---------------------------------------------------                             
                                                                                
   3 - access("V"."VEHICULE_ID"="R"."VEHICULE_ID")                              
   4 - filter("V"."CAPACITE">=100)                                              

PLAN_TABLE_OUTPUT                                                               
--------------------------------------------------------------------------------
   6 - access("R"."ARRET_ID"="A"."ARRET_ID")                                    
   7 - filter("A"."ARRET_NOM"='Commerce')                                       
                                                                                
Note                                                                            
-----                                                                           
   - dynamic sampling used for this statement (level=2)                         

26 rows selected.


Explained.


PLAN_TABLE_OUTPUT                                                               
--------------------------------------------------------------------------------
Plan hash value: 2062484126                                                     
                                                                                
--------------------------------------------------------------------------------
----------------                                                                
                                                                                
| Id  | Operation                     | Name           | Rows  | Bytes | Cost (%
CPU)| Time     |                                                                
                                                                                
--------------------------------------------------------------------------------
----------------                                                                
                                                                                

PLAN_TABLE_OUTPUT                                                               
--------------------------------------------------------------------------------
|   0 | SELECT STATEMENT              |                |     1 |    80 |     5  
 (0)| 00:00:01 |                                                                
                                                                                
|*  1 |  FILTER                       |                |       |       |        
    |          |                                                                
                                                                                
|*  2 |   TABLE ACCESS FULL           | VEHICULE       |     1 |    80 |     2  
 (0)| 00:00:01 |                                                                
                                                                                
|   3 |   NESTED LOOPS                |                |       |       |        
    |          |                                                                

PLAN_TABLE_OUTPUT                                                               
--------------------------------------------------------------------------------
                                                                                
|   4 |    NESTED LOOPS               |                |     1 |   168 |     3  
 (0)| 00:00:01 |                                                                
                                                                                
|*  5 |     INDEX FAST FULL SCAN      | SYS_C001565107 |     1 |    26 |     2  
 (0)| 00:00:01 |                                                                
                                                                                
|*  6 |     INDEX UNIQUE SCAN         | SYS_C001565116 |     1 |       |     0  
 (0)| 00:00:01 |                                                                
                                                                                
|*  7 |    TABLE ACCESS BY INDEX ROWID| ARRET          |     1 |   142 |     1  

PLAN_TABLE_OUTPUT                                                               
--------------------------------------------------------------------------------
 (0)| 00:00:01 |                                                                
                                                                                
--------------------------------------------------------------------------------
----------------                                                                
                                                                                
                                                                                
Predicate Information (identified by operation id):                             
---------------------------------------------------                             
                                                                                
   1 - filter( EXISTS (SELECT 0 FROM "ARRET" "A","RESEAUX" "R" WHERE            
              "R"."VEHICULE_ID"=:B1 AND "R"."ARRET_ID"="A"."ARRET_ID" AND "A"."A

PLAN_TABLE_OUTPUT                                                               
--------------------------------------------------------------------------------
RRET_NOM"='Commerce'))                                                          
                                                                                
   2 - filter("V"."CAPACITE">=100)                                              
   5 - filter("R"."VEHICULE_ID"=:B1)                                            
   6 - access("R"."ARRET_ID"="A"."ARRET_ID")                                    
   7 - filter("A"."ARRET_NOM"='Commerce')                                       
                                                                                
Note                                                                            
-----                                                                           
   - dynamic sampling used for this statement (level=2)                         

28 rows selected.


Explained.


PLAN_TABLE_OUTPUT                                                               
--------------------------------------------------------------------------------
Plan hash value: 2062484126                                                     
                                                                                
--------------------------------------------------------------------------------
----------------                                                                
                                                                                
| Id  | Operation                     | Name           | Rows  | Bytes | Cost (%
CPU)| Time     |                                                                
                                                                                
--------------------------------------------------------------------------------
----------------                                                                
                                                                                

PLAN_TABLE_OUTPUT                                                               
--------------------------------------------------------------------------------
|   0 | SELECT STATEMENT              |                |     1 |    80 |     5  
 (0)| 00:00:01 |                                                                
                                                                                
|*  1 |  FILTER                       |                |       |       |        
    |          |                                                                
                                                                                
|*  2 |   TABLE ACCESS FULL           | VEHICULE       |     1 |    80 |     2  
 (0)| 00:00:01 |                                                                
                                                                                
|   3 |   NESTED LOOPS                |                |       |       |        
    |          |                                                                

PLAN_TABLE_OUTPUT                                                               
--------------------------------------------------------------------------------
                                                                                
|   4 |    NESTED LOOPS               |                |     1 |   168 |     3  
 (0)| 00:00:01 |                                                                
                                                                                
|*  5 |     INDEX FAST FULL SCAN      | SYS_C001565107 |     1 |    26 |     2  
 (0)| 00:00:01 |                                                                
                                                                                
|*  6 |     INDEX UNIQUE SCAN         | SYS_C001565116 |     1 |       |     0  
 (0)| 00:00:01 |                                                                
                                                                                
|*  7 |    TABLE ACCESS BY INDEX ROWID| ARRET          |     1 |   142 |     1  

PLAN_TABLE_OUTPUT                                                               
--------------------------------------------------------------------------------
 (0)| 00:00:01 |                                                                
                                                                                
--------------------------------------------------------------------------------
----------------                                                                
                                                                                
                                                                                
Predicate Information (identified by operation id):                             
---------------------------------------------------                             
                                                                                
   1 - filter( EXISTS (SELECT 0 FROM "ARRET" "A","RESEAUX" "R" WHERE            
              "R"."VEHICULE_ID"=:B1 AND "R"."ARRET_ID"="A"."ARRET_ID" AND "A"."A

PLAN_TABLE_OUTPUT                                                               
--------------------------------------------------------------------------------
RRET_NOM"='Commerce'))                                                          
                                                                                
   2 - filter("V"."CAPACITE">=100)                                              
   5 - filter("R"."VEHICULE_ID"=:B1)                                            
   6 - access("R"."ARRET_ID"="A"."ARRET_ID")                                    
   7 - filter("A"."ARRET_NOM"='Commerce')                                       
                                                                                
Note                                                                            
-----                                                                           
   - dynamic sampling used for this statement (level=2)                         

28 rows selected.


Explained.


PLAN_TABLE_OUTPUT                                                               
--------------------------------------------------------------------------------
Plan hash value: 465835667                                                      
                                                                                
------------------------------------------------------------------------------- 
| Id  | Operation          | Name     | Rows  | Bytes | Cost (%CPU)| Time     | 
------------------------------------------------------------------------------- 
|   0 | SELECT STATEMENT   |          |     1 |    80 |     3  (34)| 00:00:01 | 
|   1 |  SORT ORDER BY     |          |     1 |    80 |     3  (34)| 00:00:01 | 
|*  2 |   TABLE ACCESS FULL| VEHICULE |     1 |    80 |     2   (0)| 00:00:01 | 
------------------------------------------------------------------------------- 
                                                                                
Predicate Information (identified by operation id):                             

PLAN_TABLE_OUTPUT                                                               
--------------------------------------------------------------------------------
---------------------------------------------------                             
                                                                                
   2 - filter("V"."CARBURANT"='electrique')                                     
                                                                                
Note                                                                            
-----                                                                           
   - dynamic sampling used for this statement (level=2)                         

18 rows selected.


Explained.


PLAN_TABLE_OUTPUT                                                               
--------------------------------------------------------------------------------
Plan hash value: 465835667                                                      
                                                                                
------------------------------------------------------------------------------- 
| Id  | Operation          | Name     | Rows  | Bytes | Cost (%CPU)| Time     | 
------------------------------------------------------------------------------- 
|   0 | SELECT STATEMENT   |          |     1 |    80 |     3  (34)| 00:00:01 | 
|   1 |  SORT ORDER BY     |          |     1 |    80 |     3  (34)| 00:00:01 | 
|*  2 |   TABLE ACCESS FULL| VEHICULE |     1 |    80 |     2   (0)| 00:00:01 | 
------------------------------------------------------------------------------- 
                                                                                
Predicate Information (identified by operation id):                             

PLAN_TABLE_OUTPUT                                                               
--------------------------------------------------------------------------------
---------------------------------------------------                             
                                                                                
   2 - filter("CARBURANT"='electrique')                                         
                                                                                
Note                                                                            
-----                                                                           
   - dynamic sampling used for this statement (level=2)                         

18 rows selected.


Explained.


PLAN_TABLE_OUTPUT                                                               
--------------------------------------------------------------------------------
Plan hash value: 1586414407                                                     
                                                                                
--------------------------------------------------------------------------------
| Id  | Operation           | Name     | Rows  | Bytes | Cost (%CPU)| Time     |
--------------------------------------------------------------------------------
|   0 | SELECT STATEMENT    |          |     1 |    93 |     3  (34)| 00:00:01 |
|*  1 |  VIEW               |          |     1 |    93 |     3  (34)| 00:00:01 |
|   2 |   WINDOW SORT       |          |     1 |    80 |     3  (34)| 00:00:01 |
|*  3 |    TABLE ACCESS FULL| VEHICULE |     1 |    80 |     2   (0)| 00:00:01 |
--------------------------------------------------------------------------------
                                                                                

PLAN_TABLE_OUTPUT                                                               
--------------------------------------------------------------------------------
Predicate Information (identified by operation id):                             
---------------------------------------------------                             
                                                                                
   1 - filter("RN">0)                                                           
   3 - filter("CARBURANT"='electrique')                                         
                                                                                
Note                                                                            
-----                                                                           
   - dynamic sampling used for this statement (level=2)                         

20 rows selected.


Explained.


PLAN_TABLE_OUTPUT                                                               
--------------------------------------------------------------------------------
Plan hash value: 1219654175                                                     
                                                                                
--------------------------------------------------------------------------------
| Id  | Operation           | Name     | Rows  | Bytes | Cost (%CPU)| Time     |
--------------------------------------------------------------------------------
|   0 | SELECT STATEMENT    |          |     1 |    27 |     4  (50)| 00:00:01 |
|   1 |  SORT ORDER BY      |          |     1 |    27 |     4  (50)| 00:00:01 |
|   2 |   HASH GROUP BY     |          |     1 |    27 |     4  (50)| 00:00:01 |
|   3 |    TABLE ACCESS FULL| VEHICULE |     1 |    27 |     2   (0)| 00:00:01 |
--------------------------------------------------------------------------------
                                                                                

PLAN_TABLE_OUTPUT                                                               
--------------------------------------------------------------------------------
Note                                                                            
-----                                                                           
   - dynamic sampling used for this statement (level=2)                         

14 rows selected.


Explained.


PLAN_TABLE_OUTPUT                                                               
--------------------------------------------------------------------------------
Plan hash value: 383880132                                                      
                                                                                
--------------------------------------------------------------------------------
| Id  | Operation           | Name     | Rows  | Bytes | Cost (%CPU)| Time     |
--------------------------------------------------------------------------------
|   0 | SELECT STATEMENT    |          |     1 |    27 |     4  (50)| 00:00:01 |
|   1 |  SORT AGGREGATE     |          |     1 |    27 |            |          |
|*  2 |   TABLE ACCESS FULL | VEHICULE |     1 |    27 |     2   (0)| 00:00:01 |
|   3 |  SORT ORDER BY      |          |     1 |    27 |     4  (50)| 00:00:01 |
|   4 |   HASH GROUP BY     |          |     1 |    27 |     4  (50)| 00:00:01 |
|   5 |    TABLE ACCESS FULL| VEHICULE |     1 |    27 |     2   (0)| 00:00:01 |

PLAN_TABLE_OUTPUT                                                               
--------------------------------------------------------------------------------
--------------------------------------------------------------------------------
                                                                                
Predicate Information (identified by operation id):                             
---------------------------------------------------                             
                                                                                
   2 - filter("V2"."CARBURANT"=:B1)                                             
                                                                                
Note                                                                            
-----                                                                           
   - dynamic sampling used for this statement (level=2)                         

21 rows selected.


Explained.


PLAN_TABLE_OUTPUT                                                               
--------------------------------------------------------------------------------
Plan hash value: 1030452765                                                     
                                                                                
--------------------------------------------------------------------------------
-                                                                               
                                                                                
| Id  | Operation            | Name     | Rows  | Bytes | Cost (%CPU)| Time     
|                                                                               
                                                                                
--------------------------------------------------------------------------------
-                                                                               
                                                                                

PLAN_TABLE_OUTPUT                                                               
--------------------------------------------------------------------------------
|   0 | SELECT STATEMENT     |          |     1 |    27 |     4  (50)| 00:00:01 
|                                                                               
                                                                                
|   1 |  SORT ORDER BY       |          |     1 |    27 |     4  (50)| 00:00:01 
|                                                                               
                                                                                
|*  2 |   FILTER             |          |       |       |            |          
|                                                                               
                                                                                
|   3 |    HASH GROUP BY     |          |     1 |    27 |     4  (50)| 00:00:01 
|                                                                               

PLAN_TABLE_OUTPUT                                                               
--------------------------------------------------------------------------------
                                                                                
|   4 |     TABLE ACCESS FULL| VEHICULE |     1 |    27 |     2   (0)| 00:00:01 
|                                                                               
                                                                                
--------------------------------------------------------------------------------
-                                                                               
                                                                                
                                                                                
Predicate Information (identified by operation id):                             
---------------------------------------------------                             
                                                                                

PLAN_TABLE_OUTPUT                                                               
--------------------------------------------------------------------------------
   2 - filter(COUNT(*)>0)                                                       
                                                                                
Note                                                                            
-----                                                                           
   - dynamic sampling used for this statement (level=2)                         

20 rows selected.


Explained.


PLAN_TABLE_OUTPUT                                                               
--------------------------------------------------------------------------------
Plan hash value: 3639386571                                                     
                                                                                
--------------------------------------------------------------------------------
------------------                                                              
                                                                                
| Id  | Operation                       | Name           | Rows  | Bytes | Cost 
(%CPU)| Time     |                                                              
                                                                                
--------------------------------------------------------------------------------
------------------                                                              
                                                                                

PLAN_TABLE_OUTPUT                                                               
--------------------------------------------------------------------------------
|   0 | SELECT STATEMENT                |                |     1 |   417 |     6
  (17)| 00:00:01 |                                                              
                                                                                
|   1 |  SORT ORDER BY                  |                |     1 |   417 |     6
  (17)| 00:00:01 |                                                              
                                                                                
|   2 |   NESTED LOOPS                  |                |       |       |      
      |          |                                                              
                                                                                
|   3 |    NESTED LOOPS                 |                |     1 |   417 |     5
   (0)| 00:00:01 |                                                              

PLAN_TABLE_OUTPUT                                                               
--------------------------------------------------------------------------------
                                                                                
|   4 |     NESTED LOOPS                |                |     1 |   350 |     4
   (0)| 00:00:01 |                                                              
                                                                                
|   5 |      NESTED LOOPS               |                |     1 |   208 |     3
   (0)| 00:00:01 |                                                              
                                                                                
|   6 |       TABLE ACCESS FULL         | LIGNE          |     1 |   169 |     2
   (0)| 00:00:01 |                                                              
                                                                                
|*  7 |       INDEX RANGE SCAN          | SYS_C001565107 |    31 |  1209 |     1

PLAN_TABLE_OUTPUT                                                               
--------------------------------------------------------------------------------
   (0)| 00:00:01 |                                                              
                                                                                
|   8 |      TABLE ACCESS BY INDEX ROWID| ARRET          |     1 |   142 |     1
   (0)| 00:00:01 |                                                              
                                                                                
|*  9 |       INDEX UNIQUE SCAN         | SYS_C001565116 |     1 |       |     0
   (0)| 00:00:01 |                                                              
                                                                                
|* 10 |     INDEX UNIQUE SCAN           | SYS_C001565115 |     1 |       |     0
   (0)| 00:00:01 |                                                              
                                                                                

PLAN_TABLE_OUTPUT                                                               
--------------------------------------------------------------------------------
|  11 |    TABLE ACCESS BY INDEX ROWID  | VEHICULE       |     1 |    67 |     1
   (0)| 00:00:01 |                                                              
                                                                                
--------------------------------------------------------------------------------
------------------                                                              
                                                                                
                                                                                
Predicate Information (identified by operation id):                             
---------------------------------------------------                             
                                                                                
   7 - access("L"."LIGNE_ID"="R"."LIGNE_ID")                                    

PLAN_TABLE_OUTPUT                                                               
--------------------------------------------------------------------------------
   9 - access("R"."ARRET_ID"="A"."ARRET_ID")                                    
  10 - access("R"."VEHICULE_ID"="V"."VEHICULE_ID")                              
                                                                                
Note                                                                            
-----                                                                           
   - dynamic sampling used for this statement (level=2)                         

29 rows selected.


Explained.


PLAN_TABLE_OUTPUT                                                               
--------------------------------------------------------------------------------
Plan hash value: 3639386571                                                     
                                                                                
--------------------------------------------------------------------------------
------------------                                                              
                                                                                
| Id  | Operation                       | Name           | Rows  | Bytes | Cost 
(%CPU)| Time     |                                                              
                                                                                
--------------------------------------------------------------------------------
------------------                                                              
                                                                                

PLAN_TABLE_OUTPUT                                                               
--------------------------------------------------------------------------------
|   0 | SELECT STATEMENT                |                |     1 |   417 |     6
  (17)| 00:00:01 |                                                              
                                                                                
|   1 |  SORT ORDER BY                  |                |     1 |   417 |     6
  (17)| 00:00:01 |                                                              
                                                                                
|   2 |   NESTED LOOPS                  |                |       |       |      
      |          |                                                              
                                                                                
|   3 |    NESTED LOOPS                 |                |     1 |   417 |     5
   (0)| 00:00:01 |                                                              

PLAN_TABLE_OUTPUT                                                               
--------------------------------------------------------------------------------
                                                                                
|   4 |     NESTED LOOPS                |                |     1 |   350 |     4
   (0)| 00:00:01 |                                                              
                                                                                
|   5 |      NESTED LOOPS               |                |     1 |   208 |     3
   (0)| 00:00:01 |                                                              
                                                                                
|   6 |       TABLE ACCESS FULL         | LIGNE          |     1 |   169 |     2
   (0)| 00:00:01 |                                                              
                                                                                
|*  7 |       INDEX RANGE SCAN          | SYS_C001565107 |     1 |    39 |     1

PLAN_TABLE_OUTPUT                                                               
--------------------------------------------------------------------------------
   (0)| 00:00:01 |                                                              
                                                                                
|   8 |      TABLE ACCESS BY INDEX ROWID| ARRET          |     1 |   142 |     1
   (0)| 00:00:01 |                                                              
                                                                                
|*  9 |       INDEX UNIQUE SCAN         | SYS_C001565116 |     1 |       |     0
   (0)| 00:00:01 |                                                              
                                                                                
|* 10 |     INDEX UNIQUE SCAN           | SYS_C001565115 |     1 |       |     0
   (0)| 00:00:01 |                                                              
                                                                                

PLAN_TABLE_OUTPUT                                                               
--------------------------------------------------------------------------------
|  11 |    TABLE ACCESS BY INDEX ROWID  | VEHICULE       |     1 |    67 |     1
   (0)| 00:00:01 |                                                              
                                                                                
--------------------------------------------------------------------------------
------------------                                                              
                                                                                
                                                                                
Predicate Information (identified by operation id):                             
---------------------------------------------------                             
                                                                                
   7 - access("L"."LIGNE_ID"="R"."LIGNE_ID")                                    

PLAN_TABLE_OUTPUT                                                               
--------------------------------------------------------------------------------
   9 - access("A"."ARRET_ID"="R"."ARRET_ID")                                    
  10 - access("V"."VEHICULE_ID"="R"."VEHICULE_ID")                              
                                                                                
Note                                                                            
-----                                                                           
   - dynamic sampling used for this statement (level=2)                         

29 rows selected.


Explained.


PLAN_TABLE_OUTPUT                                                               
--------------------------------------------------------------------------------
Plan hash value: 1430514140                                                     
                                                                                
--------------------------------------------------------------------------------
-----------------                                                               
                                                                                
| Id  | Operation                      | Name           | Rows  | Bytes | Cost (
%CPU)| Time     |                                                               
                                                                                
--------------------------------------------------------------------------------
-----------------                                                               
                                                                                

PLAN_TABLE_OUTPUT                                                               
--------------------------------------------------------------------------------
|   0 | SELECT STATEMENT               |                |     1 |   417 |     6 
 (17)| 00:00:01 |                                                               
                                                                                
|   1 |  SORT ORDER BY                 |                |     1 |   417 |     6 
 (17)| 00:00:01 |                                                               
                                                                                
|   2 |   NESTED LOOPS OUTER           |                |     1 |   417 |     5 
  (0)| 00:00:01 |                                                               
                                                                                
|   3 |    NESTED LOOPS OUTER          |                |     1 |   350 |     4 
  (0)| 00:00:01 |                                                               

PLAN_TABLE_OUTPUT                                                               
--------------------------------------------------------------------------------
                                                                                
|   4 |     NESTED LOOPS               |                |     1 |   208 |     3 
  (0)| 00:00:01 |                                                               
                                                                                
|   5 |      TABLE ACCESS FULL         | LIGNE          |     1 |   169 |     2 
  (0)| 00:00:01 |                                                               
                                                                                
|*  6 |      INDEX RANGE SCAN          | SYS_C001565107 |    31 |  1209 |     1 
  (0)| 00:00:01 |                                                               
                                                                                
|   7 |     TABLE ACCESS BY INDEX ROWID| ARRET          |     1 |   142 |     1 

PLAN_TABLE_OUTPUT                                                               
--------------------------------------------------------------------------------
  (0)| 00:00:01 |                                                               
                                                                                
|*  8 |      INDEX UNIQUE SCAN         | SYS_C001565116 |     1 |       |     0 
  (0)| 00:00:01 |                                                               
                                                                                
|   9 |    TABLE ACCESS BY INDEX ROWID | VEHICULE       |     1 |    67 |     1 
  (0)| 00:00:01 |                                                               
                                                                                
|* 10 |     INDEX UNIQUE SCAN          | SYS_C001565115 |     1 |       |     0 
  (0)| 00:00:01 |                                                               
                                                                                

PLAN_TABLE_OUTPUT                                                               
--------------------------------------------------------------------------------
--------------------------------------------------------------------------------
-----------------                                                               
                                                                                
                                                                                
Predicate Information (identified by operation id):                             
---------------------------------------------------                             
                                                                                
   6 - access("L"."LIGNE_ID"="R"."LIGNE_ID")                                    
   8 - access("R"."ARRET_ID"="A"."ARRET_ID"(+))                                 
  10 - access("R"."VEHICULE_ID"="V"."VEHICULE_ID"(+))                           
                                                                                

PLAN_TABLE_OUTPUT                                                               
--------------------------------------------------------------------------------
Note                                                                            
-----                                                                           
   - dynamic sampling used for this statement (level=2)                         

28 rows selected.


Explained.


PLAN_TABLE_OUTPUT                                                               
--------------------------------------------------------------------------------
Plan hash value: 2202057215                                                     
                                                                                
--------------------------------------------------------------------------------
----------------                                                                
                                                                                
| Id  | Operation                     | Name           | Rows  | Bytes | Cost (%
CPU)| Time     |                                                                
                                                                                
--------------------------------------------------------------------------------
----------------                                                                
                                                                                

PLAN_TABLE_OUTPUT                                                               
--------------------------------------------------------------------------------
|   0 | SELECT STATEMENT              |                |     1 |   208 |     8  
(38)| 00:00:01 |                                                                
                                                                                
|   1 |  SORT UNIQUE                  |                |     1 |   208 |     7  
(29)| 00:00:01 |                                                                
                                                                                
|   2 |   NESTED LOOPS                |                |       |       |        
    |          |                                                                
                                                                                
|   3 |    NESTED LOOPS               |                |     1 |   208 |     6  
(17)| 00:00:01 |                                                                

PLAN_TABLE_OUTPUT                                                               
--------------------------------------------------------------------------------
                                                                                
|*  4 |     HASH JOIN                 |                |     1 |    66 |     5  
(20)| 00:00:01 |                                                                
                                                                                
|*  5 |      TABLE ACCESS FULL        | VEHICULE       |     1 |    40 |     2  
 (0)| 00:00:01 |                                                                
                                                                                
|   6 |      INDEX FAST FULL SCAN     | SYS_C001565107 |    31 |   806 |     2  
 (0)| 00:00:01 |                                                                
                                                                                
|*  7 |     INDEX UNIQUE SCAN         | SYS_C001565116 |     1 |       |     0  

PLAN_TABLE_OUTPUT                                                               
--------------------------------------------------------------------------------
 (0)| 00:00:01 |                                                                
                                                                                
|   8 |    TABLE ACCESS BY INDEX ROWID| ARRET          |     1 |   142 |     1  
 (0)| 00:00:01 |                                                                
                                                                                
--------------------------------------------------------------------------------
----------------                                                                
                                                                                
                                                                                
Predicate Information (identified by operation id):                             
---------------------------------------------------                             

PLAN_TABLE_OUTPUT                                                               
--------------------------------------------------------------------------------
                                                                                
   4 - access("R"."VEHICULE_ID"="V"."VEHICULE_ID")                              
   5 - filter("V"."VEHICULE_TYPE"='Navibus')                                    
   7 - access("A"."ARRET_ID"="R"."ARRET_ID")                                    
                                                                                
Note                                                                            
-----                                                                           
   - dynamic sampling used for this statement (level=2)                         

26 rows selected.


Explained.


PLAN_TABLE_OUTPUT                                                               
--------------------------------------------------------------------------------
Plan hash value: 2202057215                                                     
                                                                                
--------------------------------------------------------------------------------
----------------                                                                
                                                                                
| Id  | Operation                     | Name           | Rows  | Bytes | Cost (%
CPU)| Time     |                                                                
                                                                                
--------------------------------------------------------------------------------
----------------                                                                
                                                                                

PLAN_TABLE_OUTPUT                                                               
--------------------------------------------------------------------------------
|   0 | SELECT STATEMENT              |                |     1 |   208 |     8  
(38)| 00:00:01 |                                                                
                                                                                
|   1 |  SORT UNIQUE                  |                |     1 |   208 |     7  
(29)| 00:00:01 |                                                                
                                                                                
|   2 |   NESTED LOOPS                |                |       |       |        
    |          |                                                                
                                                                                
|   3 |    NESTED LOOPS               |                |     1 |   208 |     6  
(17)| 00:00:01 |                                                                

PLAN_TABLE_OUTPUT                                                               
--------------------------------------------------------------------------------
                                                                                
|*  4 |     HASH JOIN                 |                |     1 |    66 |     5  
(20)| 00:00:01 |                                                                
                                                                                
|*  5 |      TABLE ACCESS FULL        | VEHICULE       |     1 |    40 |     2  
 (0)| 00:00:01 |                                                                
                                                                                
|   6 |      INDEX FAST FULL SCAN     | SYS_C001565107 |    31 |   806 |     2  
 (0)| 00:00:01 |                                                                
                                                                                
|*  7 |     INDEX UNIQUE SCAN         | SYS_C001565116 |     1 |       |     0  

PLAN_TABLE_OUTPUT                                                               
--------------------------------------------------------------------------------
 (0)| 00:00:01 |                                                                
                                                                                
|   8 |    TABLE ACCESS BY INDEX ROWID| ARRET          |     1 |   142 |     1  
 (0)| 00:00:01 |                                                                
                                                                                
--------------------------------------------------------------------------------
----------------                                                                
                                                                                
                                                                                
Predicate Information (identified by operation id):                             
---------------------------------------------------                             

PLAN_TABLE_OUTPUT                                                               
--------------------------------------------------------------------------------
                                                                                
   4 - access("RESEAUX"."VEHICULE_ID"="VEHICULE"."VEHICULE_ID")                 
   5 - filter("VEHICULE"."VEHICULE_TYPE"='Navibus')                             
   7 - access("A"."ARRET_ID"="RESEAUX"."ARRET_ID")                              
                                                                                
Note                                                                            
-----                                                                           
   - dynamic sampling used for this statement (level=2)                         

26 rows selected.


Explained.


PLAN_TABLE_OUTPUT                                                               
--------------------------------------------------------------------------------
Plan hash value: 2874150800                                                     
                                                                                
--------------------------------------------------------------------------------
-----------------                                                               
                                                                                
| Id  | Operation                      | Name           | Rows  | Bytes | Cost (
%CPU)| Time     |                                                               
                                                                                
--------------------------------------------------------------------------------
-----------------                                                               
                                                                                

PLAN_TABLE_OUTPUT                                                               
--------------------------------------------------------------------------------
|   0 | SELECT STATEMENT               |                |     1 |   142 |     6 
 (17)| 00:00:01 |                                                               
                                                                                
|   1 |  SORT ORDER BY                 |                |     1 |   142 |     6 
 (17)| 00:00:01 |                                                               
                                                                                
|*  2 |   FILTER                       |                |       |       |       
     |          |                                                               
                                                                                
|   3 |    TABLE ACCESS FULL           | ARRET          |     1 |   142 |     2 
  (0)| 00:00:01 |                                                               

PLAN_TABLE_OUTPUT                                                               
--------------------------------------------------------------------------------
                                                                                
|   4 |    NESTED LOOPS                |                |       |       |       
     |          |                                                               
                                                                                
|   5 |     NESTED LOOPS               |                |     1 |    66 |     3 
  (0)| 00:00:01 |                                                               
                                                                                
|*  6 |      INDEX FAST FULL SCAN      | SYS_C001565107 |     1 |    26 |     2 
  (0)| 00:00:01 |                                                               
                                                                                
|*  7 |      INDEX UNIQUE SCAN         | SYS_C001565115 |     1 |       |     0 

PLAN_TABLE_OUTPUT                                                               
--------------------------------------------------------------------------------
  (0)| 00:00:01 |                                                               
                                                                                
|*  8 |     TABLE ACCESS BY INDEX ROWID| VEHICULE       |     1 |    40 |     1 
  (0)| 00:00:01 |                                                               
                                                                                
--------------------------------------------------------------------------------
-----------------                                                               
                                                                                
                                                                                
Predicate Information (identified by operation id):                             
---------------------------------------------------                             

PLAN_TABLE_OUTPUT                                                               
--------------------------------------------------------------------------------
                                                                                
   2 - filter( EXISTS (SELECT 0 FROM "VEHICULE" "V","RESEAUX" "R" WHERE         
              "R"."ARRET_ID"=:B1 AND "R"."VEHICULE_ID"="V"."VEHICULE_ID" AND    
              "V"."VEHICULE_TYPE"='Navibus'))                                   
   6 - filter("R"."ARRET_ID"=:B1)                                               
   7 - access("R"."VEHICULE_ID"="V"."VEHICULE_ID")                              
   8 - filter("V"."VEHICULE_TYPE"='Navibus')                                    
                                                                                
Note                                                                            
-----                                                                           
   - dynamic sampling used for this statement (level=2)                         

29 rows selected.

